// Jest Snapshot v1, https://goo.gl/fbAQLP

exports[`add enemy form should; render 1`] = `
Object {
  "asFragment": [Function],
  "baseElement": <body>
    <div>
      <div
        class="form2"
      >
        <div
          class="form"
        >
          <form>
            <label>
              name
            </label>
            <input
              placeholder="name"
              type="text"
              value=""
            />
            <label>
              level
            </label>
            <input
              placeholder="level"
              type="number"
              value=""
            />
            <label>
              type
            </label>
            <input
              placeholder="type"
              type="text"
              value=""
            />
            <label>
              image
            </label>
            <input
              placeholder="image url"
              type="text"
              value=""
            />
            <label>
              element
            </label>
            <input
              placeholder="element"
              type="text"
              value=""
            />
            <p>
              <button>
                submit
              </button>
            </p>
          </form>
        </div>
      </div>
    </div>
  </body>,
  "container": <div>
    <div
      class="form2"
    >
      <div
        class="form"
      >
        <form>
          <label>
            name
          </label>
          <input
            placeholder="name"
            type="text"
            value=""
          />
          <label>
            level
          </label>
          <input
            placeholder="level"
            type="number"
            value=""
          />
          <label>
            type
          </label>
          <input
            placeholder="type"
            type="text"
            value=""
          />
          <label>
            image
          </label>
          <input
            placeholder="image url"
            type="text"
            value=""
          />
          <label>
            element
          </label>
          <input
            placeholder="element"
            type="text"
            value=""
          />
          <p>
            <button>
              submit
            </button>
          </p>
        </form>
      </div>
    </div>
  </div>,
  "debug": [Function],
  "findAllByAltText": [Function],
  "findAllByDisplayValue": [Function],
  "findAllByLabelText": [Function],
  "findAllByPlaceholderText": [Function],
  "findAllByRole": [Function],
  "findAllByTestId": [Function],
  "findAllByText": [Function],
  "findAllByTitle": [Function],
  "findByAltText": [Function],
  "findByDisplayValue": [Function],
  "findByLabelText": [Function],
  "findByPlaceholderText": [Function],
  "findByRole": [Function],
  "findByTestId": [Function],
  "findByText": [Function],
  "findByTitle": [Function],
  "getAllByAltText": [Function],
  "getAllByDisplayValue": [Function],
  "getAllByLabelText": [Function],
  "getAllByPlaceholderText": [Function],
  "getAllByRole": [Function],
  "getAllByTestId": [Function],
  "getAllByText": [Function],
  "getAllByTitle": [Function],
  "getByAltText": [Function],
  "getByDisplayValue": [Function],
  "getByLabelText": [Function],
  "getByPlaceholderText": [Function],
  "getByRole": [Function],
  "getByTestId": [Function],
  "getByText": [Function],
  "getByTitle": [Function],
  "queryAllByAltText": [Function],
  "queryAllByDisplayValue": [Function],
  "queryAllByLabelText": [Function],
  "queryAllByPlaceholderText": [Function],
  "queryAllByRole": [Function],
  "queryAllByTestId": [Function],
  "queryAllByText": [Function],
  "queryAllByTitle": [Function],
  "queryByAltText": [Function],
  "queryByDisplayValue": [Function],
  "queryByLabelText": [Function],
  "queryByPlaceholderText": [Function],
  "queryByRole": [Function],
  "queryByTestId": [Function],
  "queryByText": [Function],
  "queryByTitle": [Function],
  "rerender": [Function],
  "unmount": [Function],
}
`;
